// Jest Snapshot v1, https://goo.gl/fbAQLP

exports[`<SortSearch /> component does match to the snapshot 1`] = `
<ul
  className="sort-search sort__nested"
>
  <li
    className="sort-search__item"
  >
    <input
      type="text"
    />
  </li>
</ul>
`;
