// Jest Snapshot v1, https://goo.gl/fbAQLP

exports[`TBody component does match to the snapshot 1`] = `
<tbody
  className="tbody"
/>
`;
