// Jest Snapshot v1, https://goo.gl/fbAQLP

exports[`<Pagination /> component does match to the snapshot 1`] = `
<ul
  className="pagination"
/>
`;
