// Jest Snapshot v1, https://goo.gl/fbAQLP

exports[`<Filter /> component does match to the snapshot 1`] = `
<ul
  className="filter "
>
  <li
    className="filter__item"
  >
    <Button
      className=""
      handleClick={[Function]}
    >
      <FontAwesomeIcon
        border={false}
        className=""
        fixedWidth={false}
        flip={null}
        icon={
          Object {
            "icon": Array [
              512,
              512,
              Array [],
              "f0b0",
              "M487.976 0H24.028C2.71 0-8.047 25.866 7.058 40.971L192 225.941V432c0 7.831 3.821 15.17 10.237 19.662l80 55.98C298.02 518.69 320 507.493 320 487.98V225.941l184.947-184.97C520.021 25.896 509.338 0 487.976 0z",
            ],
            "iconName": "filter",
            "prefix": "fas",
          }
        }
        inverse={false}
        listItem={false}
        mask={null}
        pull={null}
        pulse={false}
        rotation={null}
        size={null}
        spin={false}
        swapOpacity={false}
        symbol={false}
        title=""
        transform={null}
      />
    </Button>
  </li>
  <li
    className="filter__item filter__submenu filter__item_noactive"
  >
    <FilterRadio
      className="filter__nested"
      fields={
        Object {
          "distance": false,
          "name": false,
          "number": false,
        }
      }
      handleChange={[Function]}
      name="column"
    />
    <FilterRadio
      className="filter__nested"
      fields={
        Object {
          "contains": false,
          "equal": false,
          "less": false,
          "more": false,
        }
      }
      handleChange={[Function]}
      icons={
        Array [
          Object {
            "icon": Array [
              256,
              512,
              Array [],
              "f105",
              "M224.3 273l-136 136c-9.4 9.4-24.6 9.4-33.9 0l-22.6-22.6c-9.4-9.4-9.4-24.6 0-33.9l96.4-96.4-96.4-96.4c-9.4-9.4-9.4-24.6 0-33.9L54.3 103c9.4-9.4 24.6-9.4 33.9 0l136 136c9.5 9.4 9.5 24.6.1 34z",
            ],
            "iconName": "angle-right",
            "prefix": "fas",
          },
          Object {
            "icon": Array [
              256,
              512,
              Array [],
              "f104",
              "M31.7 239l136-136c9.4-9.4 24.6-9.4 33.9 0l22.6 22.6c9.4 9.4 9.4 24.6 0 33.9L127.9 256l96.4 96.4c9.4 9.4 9.4 24.6 0 33.9L201.7 409c-9.4 9.4-24.6 9.4-33.9 0l-136-136c-9.5-9.4-9.5-24.6-.1-34z",
            ],
            "iconName": "angle-left",
            "prefix": "fas",
          },
          Object {
            "icon": Array [
              448,
              512,
              Array [],
              "f52c",
              "M416 304H32c-17.67 0-32 14.33-32 32v32c0 17.67 14.33 32 32 32h384c17.67 0 32-14.33 32-32v-32c0-17.67-14.33-32-32-32zm0-192H32c-17.67 0-32 14.33-32 32v32c0 17.67 14.33 32 32 32h384c17.67 0 32-14.33 32-32v-32c0-17.67-14.33-32-32-32z",
            ],
            "iconName": "equals",
            "prefix": "fas",
          },
          Object {
            "icon": Array [
              576,
              512,
              Array [],
              "f12e",
              "M519.442 288.651c-41.519 0-59.5 31.593-82.058 31.593C377.409 320.244 432 144 432 144s-196.288 80-196.288-3.297c0-35.827 36.288-46.25 36.288-85.985C272 19.216 243.885 0 210.539 0c-34.654 0-66.366 18.891-66.366 56.346 0 41.364 31.711 59.277 31.711 81.75C175.885 207.719 0 166.758 0 166.758v333.237s178.635 41.047 178.635-28.662c0-22.473-40-40.107-40-81.471 0-37.456 29.25-56.346 63.577-56.346 33.673 0 61.788 19.216 61.788 54.717 0 39.735-36.288 50.158-36.288 85.985 0 60.803 129.675 25.73 181.23 25.73 0 0-34.725-120.101 25.827-120.101 35.962 0 46.423 36.152 86.308 36.152C556.712 416 576 387.99 576 354.443c0-34.199-18.962-65.792-56.558-65.792z",
            ],
            "iconName": "puzzle-piece",
            "prefix": "fas",
          },
        ]
      }
      name="operation"
    />
    <FilterSearch
      handleSearch={[Function]}
      value=""
    />
  </li>
</ul>
`;
